]0;~/Documents/columbia/S2019/Computing/project/Bootstrapping[?1034hChristians-MacBook-Pro-2:Bootstrapping christianpascual$ git remote add origin git@githu b.com:thecbp/P8160_bootstrapping_project.git
fatal: not a git repository (or any of the parent directories): .git
]0;~/Documents/columbia/S2019/Computing/project/BootstrappingChristians-MacBook-Pro-2:Bootstrapping christianpascual$ git init
Initialized empty Git repository in /Users/christianpascual/Documents/columbia/S2019/Computing/project/Bootstrapping/.git/
]0;~/Documents/columbia/S2019/Computing/project/BootstrappingChristians-MacBook-Pro-2:Bootstrapping christianpascual$ git remote add origin git@githu b.com:thecbp/P8160_bootstrapping_project.git
]0;~/Documents/columbia/S2019/Computing/project/BootstrappingChristians-MacBook-Pro-2:Bootstrapping christianpascual$ git push -u origin master
error: src refspec master does not match any.
[31merror: failed to push some refs to 'git@github.com:thecbp/P8160_bootstrapping_project.git'
[m]0;~/Documents/columbia/S2019/Computing/project/BootstrappingChristians-MacBook-Pro-2:Bootstrapping christianpascual$ git status
On branch master

No commits yet

Untracked files:
  (use "git add <file>..." to include in what will be committed)

	[31m.Rhistory[m
	[31m.Rproj.user/[m
	[31mBootstrapping.Rproj[m
	[31mGroup_Project_3.pdf[m

nothing added to commit but untracked files present (use "git add" to track)
]0;~/Documents/columbia/S2019/Computing/project/BootstrappingChristians-MacBook-Pro-2:Bootstrapping christianpascual$ git add .