]0;~/Documents/columbia/S2019/Computing/project/Bootstrapping[?1034hChristians-MacBook-Pro-2:Bootstrapping christianpascual$ git remote add origin git@githu b.com:thecbp/P8160_bootstrapping_project.git
fatal: not a git repository (or any of the parent directories): .git
]0;~/Documents/columbia/S2019/Computing/project/BootstrappingChristians-MacBook-Pro-2:Bootstrapping christianpascual$ git init
Initialized empty Git repository in /Users/christianpascual/Documents/columbia/S2019/Computing/project/Bootstrapping/.git/
]0;~/Documents/columbia/S2019/Computing/project/BootstrappingChristians-MacBook-Pro-2:Bootstrapping christianpascual$ git remote add origin git@githu b.com:thecbp/P8160_bootstrapping_project.git
]0;~/Documents/columbia/S2019/Computing/project/BootstrappingChristians-MacBook-Pro-2:Bootstrapping christianpascual$ git push -u origin master
error: src refspec master does not match any.
[31merror: failed to push some refs to 'git@github.com:thecbp/P8160_bootstrapping_project.git'
[m]0;~/Documents/columbia/S2019/Computing/project/BootstrappingChristians-MacBook-Pro-2:Bootstrapping christianpascual$ git status
On branch master

No commits yet

Untracked files:
  (use "git add <file>..." to include in what will be committed)

	[31m.Rhistory[m
	[31m.Rproj.user/[m
	[31mBootstrapping.Rproj[m
	[31mGroup_Project_3.pdf[m

nothing added to commit but untracked files present (use "git add" to track)
]0;~/Documents/columbia/S2019/Computing/project/BootstrappingChristians-MacBook-Pro-2:Bootstrapping christianpascual$ git add .
]0;~/Documents/columbia/S2019/Computing/project/BootstrappingChristians-MacBook-Pro-2:Bootstrapping christianpascual$ git commit -m "Frist [K[K[K[K[Kirst commit-[K"
[master (root-commit) d36d637] First commit
 14 files changed, 142 insertions(+)
 create mode 100644 .Rhistory
 create mode 100644 .Rproj.user/F2A0B8DA/console06/111D550D
 create mode 100644 .Rproj.user/F2A0B8DA/console06/111D550D.env
 create mode 100644 .Rproj.user/F2A0B8DA/console06/INDEX001
 create mode 100644 .Rproj.user/F2A0B8DA/pcs/files-pane.pper
 create mode 100644 .Rproj.user/F2A0B8DA/pcs/source-pane.pper
 create mode 100644 .Rproj.user/F2A0B8DA/pcs/windowlayoutstate.pper
 create mode 100644 .Rproj.user/F2A0B8DA/pcs/workbench-pane.pper
 create mode 100644 .Rproj.user/F2A0B8DA/rmd-outputs
 create mode 100644 .Rproj.user/F2A0B8DA/saved_source_markers
 create mode 100644 .Rproj.user/F2A0B8DA/sources/s-C4D6A31F/lock_file
 create mode 100644 .Rproj.user/shared/notebooks/patch-chunk-names
 create mode 100644 Bootstrapping.Rproj
 create mode 100644 Group_Project_3.pdf
]0;~/Documents/columbia/S2019/Computing/project/BootstrappingChristians-MacBook-Pro-2:Bootstrapping christianpascual$ git push -u origin master
Enumerating objects: 22, done.
Counting objects:   4% (1/22)   Counting objects:   9% (2/22)   Counting objects:  13% (3/22)   Counting objects:  18% (4/22)   Counting objects:  22% (5/22)   Counting objects:  27% (6/22)   Counting objects:  31% (7/22)   Counting objects:  36% (8/22)   Counting objects:  40% (9/22)   Counting objects:  45% (10/22)   Counting objects:  50% (11/22)   Counting objects:  54% (12/22)   Counting objects:  59% (13/22)   Counting objects:  63% (14/22)   Counting objects:  68% (15/22)   Counting objects:  72% (16/22)   Counting objects:  77% (17/22)   Counting objects:  81% (18/22)   Counting objects:  86% (19/22)   Counting objects:  90% (20/22)   Counting objects:  95% (21/22)   Counting objects: 100% (22/22)   Counting objects: 100% (22/22), done.
Delta compression using up to 8 threads
Compressing objects:   7% (1/14)   Compressing objects:  14% (2/14)   Compressing objects:  21% (3/14)   Compressing objects:  28% (4/14)   Compressing objects:  35% (5/14)   Compressing objects:  42% (6/14)   Compressing objects:  50% (7/14)   Compressing objects:  57% (8/14)   Compressing objects:  64% (9/14)   Compressing objects:  71% (10/14)   Compressing objects:  78% (11/14)   Compressing objects:  85% (12/14)   Compressing objects:  92% (13/14)   Compressing objects: 100% (14/14)   Compressing objects: 100% (14/14), done.
Writing objects:   4% (1/22)   Writing objects:   9% (2/22)   Writing objects:  13% (3/22)   Writing objects:  18% (4/22)   Writing objects:  22% (5/22)   Writing objects:  27% (6/22)   Writing objects:  31% (7/22)   Writing objects:  36% (8/22)   Writing objects:  40% (9/22)   Writing objects:  45% (10/22)   Writing objects:  50% (11/22)   Writing objects:  54% (12/22)   Writing objects:  59% (13/22)   Writing objects:  63% (14/22)   Writing objects:  68% (15/22)   Writing objects:  72% (16/22)   Writing objects:  77% (17/22)   Writing objects:  81% (18/22)   Writing objects:  86% (19/22)   Writing objects:  90% (20/22)   Writing objects:  95% (21/22)   Writing objects: 100% (22/22)   Writing objects: 100% (22/22), 137.53 KiB | 2.15 MiB/s, done.
Total 22 (delta 0), reused 0 (delta 0)
To github.com:thecbp/P8160_bootstrapping_project.git
 * [new branch]      master -> master
Branch 'master' set up to track remote branch 'master' from 'origin'.
]0;~/Documents/columbia/S2019/Computing/project/Bootstrapping[?1034hChristians-MacBook-Pro-2:Bootstrapping christianpascual$ git status
On branch master
Your branch is up to date with 'origin/master'.

Changes not staged for commit:
  (use "git add/rm <file>..." to update what will be committed)
  (use "git checkout -- <file>..." to discard changes in working directory)

	[31mmodified:   .Rproj.user/F2A0B8DA/console06/111D550D[m
	[31mmodified:   .Rproj.user/F2A0B8DA/console06/INDEX001[m
	[31mdeleted:    .Rproj.user/F2A0B8DA/sources/s-C4D6A31F/lock_file[m

Untracked files:
  (use "git add <file>..." to include in what will be committed)

	[31m.gitignore[m
	[31mEfron - Model Selection.pdf[m

no changes added to commit (use "git add" and/or "git commit -a")
]0;~/Documents/columbia/S2019/Computing/project/BootstrappingChristians-MacBook-Pro-2:Bootstrapping christianpascual$ git add .
]0;~/Documents/columbia/S2019/Computing/project/BootstrappingChristians-MacBook-Pro-2:Bootstrapping christianpascual$ [KChristians-MacBook-Pro-2:Bootstrapping christianpascual$ git rm .Rhistory
rm '.Rhistory'
]0;~/Documents/columbia/S2019/Computing/project/BootstrappingChristians-MacBook-Pro-2:Bootstrapping christianpascual$ git status
On branch master
Your branch is up to date with 'origin/master'.

Changes to be committed:
  (use "git reset HEAD <file>..." to unstage)

	[32mdeleted:    .Rhistory[m
	[32mmodified:   .Rproj.user/F2A0B8DA/console06/111D550D[m
	[32mmodified:   .Rproj.user/F2A0B8DA/console06/INDEX001[m
	[32mdeleted:    .Rproj.user/F2A0B8DA/sources/s-C4D6A31F/lock_file[m
	[32mnew file:   .gitignore[m
	[32mnew file:   Efron - Model Selection.pdf[m

Changes not staged for commit:
  (use "git add <file>..." to update what will be committed)
  (use "git checkout -- <file>..." to discard changes in working directory)

	[31mmodified:   .Rproj.user/F2A0B8DA/console06/111D550D[m
	[31mmodified:   .Rproj.user/F2A0B8DA/console06/111D550D.env[m
	[31mmodified:   .Rproj.user/F2A0B8DA/console06/INDEX001[m

]0;~/Documents/columbia/S2019/Computing/project/BootstrappingChristians-MacBook-Pro-2:Bootstrapping christianpascual$ git statu[K[K[K[K[K[K add. [K[K .
]0;~/Documents/columbia/S2019/Computing/project/BootstrappingChristians-MacBook-Pro-2:Bootstrapping christianpascual$ git commit -m "Aded[K[Kded Efron pdf" [A[C[C[C[C[C[C[C[C[C[C[C[C[C[C[C[C[C[C[C[C[C[C[C[C[C[C[C[C[C[C[C[C[C[C[C[C[C[C[C[C[C[C[C[C[C[C[C[C[C[C[C[C[C[C[C[C[C[C[C[C[C[C[C[C[C[C[C[C[C[C[C[C[C[C[C[C[C[C[C[C[C[C[C[C[C[C[C[K"
[master ddbe54f] Added Efron pdf
 7 files changed, 81 insertions(+), 5 deletions(-)
 delete mode 100644 .Rhistory
 rewrite .Rproj.user/F2A0B8DA/console06/INDEX001 (100%)
 delete mode 100644 .Rproj.user/F2A0B8DA/sources/s-C4D6A31F/lock_file
 create mode 100644 .gitignore
 create mode 100644 Efron - Model Selection.pdf
]0;~/Documents/columbia/S2019/Computing/project/BootstrappingChristians-MacBook-Pro-2:Bootstrapping christianpascual$ git push
Enumerating objects: 17, done.
Counting objects:   5% (1/17)   Counting objects:  11% (2/17)   Counting objects:  17% (3/17)   Counting objects:  23% (4/17)   Counting objects:  29% (5/17)   Counting objects:  35% (6/17)   Counting objects:  41% (7/17)   Counting objects:  47% (8/17)   Counting objects:  52% (9/17)   Counting objects:  58% (10/17)   Counting objects:  64% (11/17)   Counting objects:  70% (12/17)   Counting objects:  76% (13/17)   Counting objects:  82% (14/17)   Counting objects:  88% (15/17)   Counting objects:  94% (16/17)   Counting objects: 100% (17/17)   Counting objects: 100% (17/17), done.
Delta compression using up to 8 threads
Compressing objects:  11% (1/9)   Compressing objects:  22% (2/9)   Compressing objects:  33% (3/9)   Compressing objects:  44% (4/9)   Compressing objects:  55% (5/9)   Compressing objects:  66% (6/9)   Compressing objects:  77% (7/9)   Compressing objects:  88% (8/9)   Compressing objects: 100% (9/9)   Compressing objects: 100% (9/9), done.
Writing objects:  10% (1/10)   Writing objects:  20% (2/10)   Writing objects:  30% (3/10)   Writing objects:  40% (4/10)   Writing objects:  50% (5/10)   Writing objects:  60% (6/10)   Writing objects:  70% (7/10)   Writing objects:  80% (8/10)   Writing objects:  90% (9/10)   Writing objects: 100% (10/10)   Writing objects: 100% (10/10), 605.64 KiB | 17.30 MiB/s, done.
Total 10 (delta 2), reused 0 (delta 0)
remote: Resolving deltas:   0% (0/2)   [Kremote: Resolving deltas:  50% (1/2)   [Kremote: Resolving deltas: 100% (2/2)   [Kremote: Resolving deltas: 100% (2/2), completed with 2 local objects.[K
To github.com:thecbp/P8160_bootstrapping_project.git
   d36d637..ddbe54f  master -> master
]0;~/Documents/columbia/S2019/Computing/project/Bootstrapping[?1034hChristians-MacBook-Pro-2:Bootstrapping christianpascual$ git status
On branch master
Your branch is up to date with 'origin/master'.

Changes not staged for commit:
  (use "git add <file>..." to update what will be committed)
  (use "git checkout -- <file>..." to discard changes in working directory)

	[31mmodified:   .Rproj.user/F2A0B8DA/console06/111D550D[m
	[31mmodified:   .Rproj.user/F2A0B8DA/console06/INDEX001[m

no changes added to commit (use "git add" and/or "git commit -a")
]0;~/Documents/columbia/S2019/Computing/project/BootstrappingChristians-MacBook-Pro-2:Bootstrapping christianpascual$ git p[K[K[K[K[K[KChristians-MacBook-Pro-2:Bootstrapping christianpascual$ [KChristians-MacBook-Pro-2:Bootstrapping christianpascual$ git pull
Enter passphrase for key '/Users/christianpascual/.ssh/id_rsa': 
remote: Enumerating objects: 11, done.[K
remote: Counting objects:   9% (1/11)   [Kremote: Counting objects:  18% (2/11)   [Kremote: Counting objects:  27% (3/11)   [Kremote: Counting objects:  36% (4/11)   [Kremote: Counting objects:  45% (5/11)   [Kremote: Counting objects:  54% (6/11)   [Kremote: Counting objects:  63% (7/11)   [Kremote: Counting objects:  72% (8/11)   [Kremote: Counting objects:  81% (9/11)   [Kremote: Counting objects:  90% (10/11)   [Kremote: Counting objects: 100% (11/11)   [Kremote: Counting objects: 100% (11/11), done.[K
remote: Compressing objects:  11% (1/9)   [Kremote: Compressing objects:  22% (2/9)   [Kremote: Compressing objects:  33% (3/9)   [Kremote: Compressing objects:  44% (4/9)   [Kremote: Compressing objects:  55% (5/9)   [Kremote: Compressing objects:  66% (6/9)   [Kremote: Compressing objects:  77% (7/9)   [Kremote: Compressing objects:  88% (8/9)   [Kremote: Compressing objects: 100% (9/9)   [Kremote: Compressing objects: 100% (9/9), done.[K
Unpacking objects:  10% (1/10)   Unpacking objects:  20% (2/10)   Unpacking objects:  30% (3/10)   Unpacking objects:  40% (4/10)   Unpacking objects:  50% (5/10)   remote: Total 10 (delta 5), reused 6 (delta 1), pack-reused 0[K
Unpacking objects:  60% (6/10)   Unpacking objects:  70% (7/10)   Unpacking objects:  80% (8/10)   Unpacking objects:  90% (9/10)   Unpacking objects: 100% (10/10)   Unpacking objects: 100% (10/10), done.
From github.com:thecbp/P8160_bootstrapping_project
   ddbe54f..b42002c  master     -> origin/master
Updating ddbe54f..b42002c
Fast-forward
 Down.csv             | 1081 [32m++++++++++++++++++++++++++++++++++++++++++++++++++++++++++++++++++++++++++++++++++++++++++++++++++++++++++++++++++++[m
 bootstrap_smooth.Rmd |   63 [32m+++++++[m
 2 files changed, 1144 insertions(+)
 create mode 100644 Down.csv
 create mode 100644 bootstrap_smooth.Rmd
git pu]0;~/Documents/columbia/S2019/Computing/project/Bootstrapping[?1034hChristians-MacBook-Pro-2:Bootstrapping christianpascual$ git pull
Enter passphrase for key '/Users/christianpascual/.ssh/id_rsa': 
Already up to date.
it  ]0;~/Documents/columbia/S2019/Computing/project/Bootstrapping[?1034hChristians-MacBook-Pro-2:Bootstrapping christianpascual$ g[Kgit status
On branch master
Your branch is up to date with 'origin/master'.

Changes not staged for commit:
  (use "git add <file>..." to update what will be committed)
  (use "git checkout -- <file>..." to discard changes in working directory)

	[31mmodified:   .Rproj.user/F2A0B8DA/console06/111D550D[m
	[31mmodified:   .Rproj.user/F2A0B8DA/console06/111D550D.env[m
	[31mmodified:   .Rproj.user/F2A0B8DA/console06/INDEX001[m
	[31mmodified:   .Rproj.user/F2A0B8DA/pcs/source-pane.pper[m
	[31mmodified:   .Rproj.user/F2A0B8DA/pcs/windowlayoutstate.pper[m
	[31mmodified:   .Rproj.user/F2A0B8DA/rmd-outputs[m

Untracked files:
  (use "git add <file>..." to include in what will be committed)

	[31mLogLasso.R[m
	[31mpart-4.Rmd[m

no changes added to commit (use "git add" and/or "git commit -a")
]0;~/Documents/columbia/S2019/Computing/project/BootstrappingChristians-MacBook-Pro-2:Bootstrapping christianpascual$ git pull
Enter passphrase for key '/Users/christianpascual/.ssh/id_rsa': 
Already up to date.
]0;~/Documents/columbia/S2019/Computing/project/BootstrappingChristians-MacBook-Pro-2:Bootstrapping christianpascual$ git add .
]0;~/Documents/columbia/S2019/Computing/project/BootstrappingChristians-MacBook-Pro-2:Bootstrapping christianpascual$ git commit -m "Added file fo r [K[K[K[K[K[Ks for impo rting project 2 log-lasso algor[K[K"
[master cef259e] Added files for importing project 2 log-lasso alg
 8 files changed, 463 insertions(+), 11 deletions(-)
 rewrite .Rproj.user/F2A0B8DA/console06/INDEX001 (87%)
 create mode 100644 LogLasso.R
 create mode 100644 part-4.Rmd
]0;~/Documents/columbia/S2019/Computing/project/BootstrappingChristians-MacBook-Pro-2:Bootstrapping christianpascual$ git push
Enter passphrase for key '/Users/christianpascual/.ssh/id_rsa': 
Enumerating objects: 25, done.
Counting objects:   4% (1/25)   Counting objects:   8% (2/25)   Counting objects:  12% (3/25)   Counting objects:  16% (4/25)   Counting objects:  20% (5/25)   Counting objects:  24% (6/25)   Counting objects:  28% (7/25)   Counting objects:  32% (8/25)   Counting objects:  36% (9/25)   Counting objects:  40% (10/25)   Counting objects:  44% (11/25)   Counting objects:  48% (12/25)   Counting objects:  52% (13/25)   Counting objects:  56% (14/25)   Counting objects:  60% (15/25)   Counting objects:  64% (16/25)   Counting objects:  68% (17/25)   Counting objects:  72% (18/25)   Counting objects:  76% (19/25)   Counting objects:  80% (20/25)   Counting objects:  84% (21/25)   Counting objects:  88% (22/25)   Counting objects:  92% (23/25)   Counting objects:  96% (24/25)   Counting objects: 100% (25/25)   Counting objects: 100% (25/25), done.
Delta compression using up to 8 threads
Compressing objects:   7% (1/14)   Compressing objects:  14% (2/14)   Compressing objects:  21% (3/14)   Compressing objects:  28% (4/14)   Compressing objects:  35% (5/14)   Compressing objects:  42% (6/14)   Compressing objects:  50% (7/14)   Compressing objects:  57% (8/14)   Compressing objects:  64% (9/14)   Compressing objects:  71% (10/14)   Compressing objects:  78% (11/14)   Compressing objects:  85% (12/14)   Compressing objects:  92% (13/14)   Compressing objects: 100% (14/14)   Compressing objects: 100% (14/14), done.
Writing objects:   7% (1/14)   Writing objects:  14% (2/14)   Writing objects:  21% (3/14)   Writing objects:  28% (4/14)   Writing objects:  35% (5/14)   Writing objects:  42% (6/14)   Writing objects:  50% (7/14)   Writing objects:  57% (8/14)   Writing objects:  64% (9/14)   Writing objects:  71% (10/14)   Writing objects:  78% (11/14)   Writing objects:  85% (12/14)   Writing objects:  92% (13/14)   Writing objects: 100% (14/14)   Writing objects: 100% (14/14), 6.02 KiB | 2.01 MiB/s, done.
Total 14 (delta 5), reused 0 (delta 0)
remote: Resolving deltas:   0% (0/5)   [Kremote: Resolving deltas:  20% (1/5)   [Kremote: Resolving deltas:  40% (2/5)   [Kremote: Resolving deltas:  60% (3/5)   [Kremote: Resolving deltas:  80% (4/5)   [Kremote: Resolving deltas: 100% (5/5)   [Kremote: Resolving deltas: 100% (5/5), completed with 5 local objects.[K
To github.com:thecbp/P8160_bootstrapping_project.git
   b42002c..cef259e  master -> master
]0;~/Documents/columbia/S2019/Computing/project/BootstrappingChristians-MacBook-Pro-2:Bootstrapping christianpascual$ [KChristians-MacBook-Pro-2:Bootstrapping christianpascual$ [KChristians-MacBook-Pro-2:Bootstrapping christianpascual$ [KChristians-MacBook-Pro-2:Bootstrapping christianpascual$ [KChristians-MacBook-Pro-2:Bootstrapping christianpascual$ git status
On branch master
Your branch is up to date with 'origin/master'.

Changes not staged for commit:
  (use "git add <file>..." to update what will be committed)
  (use "git checkout -- <file>..." to discard changes in working directory)

	[31mmodified:   .Rproj.user/F2A0B8DA/console06/111D550D[m
	[31mmodified:   .Rproj.user/F2A0B8DA/console06/INDEX001[m
	[31mmodified:   part-4.Rmd[m

Untracked files:
  (use "git add <file>..." to include in what will be committed)

	[31mreport.Rmd[m

no changes added to commit (use "git add" and/or "git commit -a")
]0;~/Documents/columbia/S2019/Computing/project/BootstrappingChristians-MacBook-Pro-2:Bootstrapping christianpascual$ git add .
]0;~/Documents/columbia/S2019/Computing/project/BootstrappingChristians-MacBook-Pro-2:Bootstrapping christianpascual$ git commit- [K [K[K -m "FINALLY GOT THE STANDARD ERRORS"
[master b109e59] FINALLY GOT THE STANDARD ERRORS
 4 files changed, 139 insertions(+), 17 deletions(-)
 rewrite .Rproj.user/F2A0B8DA/console06/INDEX001 (75%)
 create mode 100644 report.Rmd
]0;~/Documents/columbia/S2019/Computing/project/BootstrappingChristians-MacBook-Pro-2:Bootstrapping christianpascual$ git push
Enter passphrase for key '/Users/christianpascual/.ssh/id_rsa': 
Enumerating objects: 16, done.
Counting objects:   6% (1/16)   Counting objects:  12% (2/16)   Counting objects:  18% (3/16)   Counting objects:  25% (4/16)   Counting objects:  31% (5/16)   Counting objects:  37% (6/16)   Counting objects:  43% (7/16)   Counting objects:  50% (8/16)   Counting objects:  56% (9/16)   Counting objects:  62% (10/16)   Counting objects:  68% (11/16)   Counting objects:  75% (12/16)   Counting objects:  81% (13/16)   Counting objects:  87% (14/16)   Counting objects:  93% (15/16)   Counting objects: 100% (16/16)   Counting objects: 100% (16/16), done.
Delta compression using up to 8 threads
Compressing objects:  11% (1/9)   Compressing objects:  22% (2/9)   Compressing objects:  33% (3/9)   Compressing objects:  44% (4/9)   Compressing objects:  55% (5/9)   Compressing objects:  66% (6/9)   Compressing objects:  77% (7/9)   Compressing objects:  88% (8/9)   Compressing objects: 100% (9/9)   Compressing objects: 100% (9/9), done.
Writing objects:  11% (1/9)   Writing objects:  22% (2/9)   Writing objects:  33% (3/9)   Writing objects:  44% (4/9)   Writing objects:  55% (5/9)   Writing objects:  66% (6/9)   Writing objects:  77% (7/9)   Writing objects:  88% (8/9)   Writing objects: 100% (9/9)   Writing objects: 100% (9/9), 3.71 KiB | 77.00 KiB/s, done.
Total 9 (delta 4), reused 0 (delta 0)
remote: Resolving deltas:   0% (0/4)   [Kremote: Resolving deltas:  25% (1/4)   [Kremote: Resolving deltas:  50% (2/4)   [Kremote: Resolving deltas:  75% (3/4)   [Kremote: Resolving deltas: 100% (4/4)   [Kremote: Resolving deltas: 100% (4/4), completed with 4 local objects.[K
To github.com:thecbp/P8160_bootstrapping_project.git
   cef259e..b109e59  master -> master
]0;~/Documents/columbia/S2019/Computing/project/BootstrappingChristians-MacBook-Pro-2:Bootstrapping christianpascual$ git sttu[Ka[K[Katus
On branch master
Your branch is up to date with 'origin/master'.

Changes not staged for commit:
  (use "git add <file>..." to update what will be committed)
  (use "git checkout -- <file>..." to discard changes in working directory)

	[31mmodified:   .Rproj.user/F2A0B8DA/console06/111D550D[m
	[31mmodified:   part-4.Rmd[m
	[31mmodified:   report.Rmd[m

no changes added to commit (use "git add" and/or "git commit -a")
]0;~/Documents/columbia/S2019/Computing/project/BootstrappingChristians-MacBook-Pro-2:Bootstrapping christianpascual$ git pull
Enter passphrase for key '/Users/christianpascual/.ssh/id_rsa': 
remote: Enumerating objects: 15, done.[K
remote: Counting objects:   7% (1/14)   [Kremote: Counting objects:  14% (2/14)   [Kremote: Counting objects:  21% (3/14)   [Kremote: Counting objects:  28% (4/14)   [Kremote: Counting objects:  35% (5/14)   [Kremote: Counting objects:  42% (6/14)   [Kremote: Counting objects:  50% (7/14)   [Kremote: Counting objects:  57% (8/14)   [Kremote: Counting objects:  64% (9/14)   [Kremote: Counting objects:  71% (10/14)   [Kremote: Counting objects:  78% (11/14)   [Kremote: Counting objects:  85% (12/14)   [Kremote: Counting objects:  92% (13/14)   [Kremote: Counting objects: 100% (14/14)   [Kremote: Counting objects: 100% (14/14), done.[K
remote: Compressing objects:  16% (1/6)   [Kremote: Compressing objects:  33% (2/6)   [Kremote: Compressing objects:  50% (3/6)   [Kremote: Compressing objects:  66% (4/6)   [Kremote: Compressing objects:  83% (5/6)   [Kremote: Compressing objects: 100% (6/6)   [Kremote: Compressing objects: 100% (6/6), done.[K
remote: Total 11 (delta 7), reused 9 (delta 5), pack-reused 0[K
Unpacking objects:   9% (1/11)   Unpacking objects:  18% (2/11)   Unpacking objects:  27% (3/11)   Unpacking objects:  36% (4/11)   Unpacking objects:  45% (5/11)   Unpacking objects:  54% (6/11)   Unpacking objects:  63% (7/11)   Unpacking objects:  72% (8/11)   Unpacking objects:  81% (9/11)   Unpacking objects:  90% (10/11)   Unpacking objects: 100% (11/11)   Unpacking objects: 100% (11/11), done.
From github.com:thecbp/P8160_bootstrapping_project
   b109e59..eec4142  master     -> origin/master
Updating b109e59..eec4142
Fast-forward
 bootstrap_smooth.Rmd | 85 [32m+++++++++++++++++++++++++++++++++++++++++++++++++++++++++++++++++++++++[m[31m--------------[m
 1 file changed, 71 insertions(+), 14 deletions(-)
]0;~/Documents/columbia/S2019/Computing/project/BootstrappingChristians-MacBook-Pro-2:Bootstrapping christianpascual$ [KChristians-MacBook-Pro-2:Bootstrapping christianpascual$ git status
On branch master
Your branch is up to date with 'origin/master'.

Changes not staged for commit:
  (use "git add <file>..." to update what will be committed)
  (use "git checkout -- <file>..." to discard changes in working directory)

	[31mmodified:   .Rproj.user/F2A0B8DA/console06/111D550D[m
	[31mmodified:   .Rproj.user/F2A0B8DA/console06/INDEX001[m
	[31mmodified:   part-4.Rmd[m
	[31mmodified:   report.Rmd[m

no changes added to commit (use "git add" and/or "git commit -a")
]0;~/Documents/columbia/S2019/Computing/project/BootstrappingChristians-MacBook-Pro-2:Bootstrapping christianpascual$ git pull
Enter passphrase for key '/Users/christianpascual/.ssh/id_rsa': 
remote: Enumerating objects: 8, done.[K
remote: Counting objects:  12% (1/8)   [Kremote: Counting objects:  25% (2/8)   [Kremote: Counting objects:  37% (3/8)   [Kremote: Counting objects:  50% (4/8)   [Kremote: Counting objects:  62% (5/8)   [Kremote: Counting objects:  75% (6/8)   [Kremote: Counting objects:  87% (7/8)   [Kremote: Counting objects: 100% (8/8)   [Kremote: Counting objects: 100% (8/8), done.[K
remote: Compressing objects:  25% (1/4)   [Kremote: Compressing objects:  50% (2/4)   [Kremote: Compressing objects:  75% (3/4)   [Kremote: Compressing objects: 100% (4/4)   [Kremote: Compressing objects: 100% (4/4), done.[K
remote: Total 6 (delta 4), reused 4 (delta 2), pack-reused 0[K
Unpacking objects:  16% (1/6)   Unpacking objects:  33% (2/6)   Unpacking objects:  50% (3/6)   Unpacking objects:  66% (4/6)   Unpacking objects:  83% (5/6)   Unpacking objects: 100% (6/6)   Unpacking objects: 100% (6/6), done.
From github.com:thecbp/P8160_bootstrapping_project
   eec4142..e65d9b4  master     -> origin/master
Updating eec4142..e65d9b4
Fast-forward
 bootstrap_smooth.Rmd | 96 [32m++++++++++++++++++++++++++++++++++++++++++++++++++[m[31m------[m
 1 file changed, 87 insertions(+), 9 deletions(-)
]0;~/Documents/columbia/S2019/Computing/project/BootstrappingChristians-MacBook-Pro-2:Bootstrapping christianpascual$ [KChristians-MacBook-Pro-2:Bootstrapping christianpascual$ git com[K[K[Kstatus
On branch master
Your branch is up to date with 'origin/master'.

Changes not staged for commit:
  (use "git add <file>..." to update what will be committed)
  (use "git checkout -- <file>..." to discard changes in working directory)

	[31mmodified:   .Rproj.user/F2A0B8DA/console06/111D550D[m
	[31mmodified:   .Rproj.user/F2A0B8DA/console06/INDEX001[m
	[31mmodified:   part-4.Rmd[m
	[31mmodified:   report.Rmd[m

no changes added to commit (use "git add" and/or "git commit -a")
]0;~/Documents/columbia/S2019/Computing/project/BootstrappingChristians-MacBook-Pro-2:Bootstrapping christianpascual$ git commit -m "Tried lookin g at the different fff[K[K[Kbootstrap intervals"
On branch master
Your branch is up to date with 'origin/master'.

Changes not staged for commit:
	[31mmodified:   .Rproj.user/F2A0B8DA/console06/111D550D[m
	[31mmodified:   .Rproj.user/F2A0B8DA/console06/INDEX001[m
	[31mmodified:   part-4.Rmd[m
	[31mmodified:   report.Rmd[m

no changes added to commit
]0;~/Documents/columbia/S2019/Computing/project/BootstrappingChristians-MacBook-Pro-2:Bootstrapping christianpascual$ git commit -m "Tried lookingg at the different bootstrap intervals"[A[C[C[C[C[C[C[C[C[C[C[C[C[C[C[C[C[C[C[C[C[C[C[C[C[C[C[C[C[C[C[C[C[C[C[C[C[C[C[C[C[C[C[C[C[C[C[C[C[C[C[C[C[C[C[C[C[C[C[C[C[C[C[C[C[C[C[C[C[C[C[C[C[C[C[C[C[C[C[C[C[C[C[Cam "Tried lookin[1@g[A[C[C[C[C[C[C[C[C[C[C[C[C[C[C[C[C[C[C[C[C[C[C[C[C[C[C[C[C[C[C[C[C[C[C[C[C[C[C[C[C[C[C[C[C[C[C[C[C[C[C[C[C[C[C[C[C[C[C[C[C[C[C[C[C[C[C[C[C

[master 352f015] Tried looking at the different bootstrap intervals
 4 files changed, 195 insertions(+), 32 deletions(-)
 rewrite .Rproj.user/F2A0B8DA/console06/INDEX001 (75%)
]0;~/Documents/columbia/S2019/Computing/project/BootstrappingChristians-MacBook-Pro-2:Bootstrapping christianpascual$ git push
Enter passphrase for key '/Users/christianpascual/.ssh/id_rsa': 
Enumerating objects: 17, done.
Counting objects:   5% (1/17)   Counting objects:  11% (2/17)   Counting objects:  17% (3/17)   Counting objects:  23% (4/17)   Counting objects:  29% (5/17)   Counting objects:  35% (6/17)   Counting objects:  41% (7/17)   Counting objects:  47% (8/17)   Counting objects:  52% (9/17)   Counting objects:  58% (10/17)   Counting objects:  64% (11/17)   Counting objects:  70% (12/17)   Counting objects:  76% (13/17)   Counting objects:  82% (14/17)   Counting objects:  88% (15/17)   Counting objects:  94% (16/17)   Counting objects: 100% (17/17)   Counting objects: 100% (17/17), done.
Delta compression using up to 8 threads
Compressing objects:  11% (1/9)   Compressing objects:  22% (2/9)   Compressing objects:  33% (3/9)   Compressing objects:  44% (4/9)   Compressing objects:  55% (5/9)   Compressing objects:  66% (6/9)   Compressing objects:  77% (7/9)   Compressing objects:  88% (8/9)   Compressing objects: 100% (9/9)   Compressing objects: 100% (9/9), done.
Writing objects:  11% (1/9)   Writing objects:  22% (2/9)   Writing objects:  33% (3/9)   Writing objects:  44% (4/9)   Writing objects:  55% (5/9)   Writing objects:  66% (6/9)   Writing objects:  77% (7/9)   Writing objects:  88% (8/9)   Writing objects: 100% (9/9)   Writing objects: 100% (9/9), 3.18 KiB | 814.00 KiB/s, done.
Total 9 (delta 5), reused 0 (delta 0)
remote: Resolving deltas:   0% (0/5)   [Kremote: Resolving deltas:  20% (1/5)   [Kremote: Resolving deltas:  40% (2/5)   [Kremote: Resolving deltas:  60% (3/5)   [Kremote: Resolving deltas:  80% (4/5)   [Kremote: Resolving deltas: 100% (5/5)   [Kremote: Resolving deltas: 100% (5/5), completed with 5 local objects.[K
To github.com:thecbp/P8160_bootstrapping_project.git
   e65d9b4..352f015  master -> master
]0;~/Documents/columbia/S2019/Computing/project/Bootstrapping[?1034hChristians-MacBook-Pro-2:Bootstrapping christianpascual$ git status
On branch master
Your branch is up to date with 'origin/master'.

Changes not staged for commit:
  (use "git add <file>..." to update what will be committed)
  (use "git checkout -- <file>..." to discard changes in working directory)

	[31mmodified:   .Rproj.user/F2A0B8DA/console06/111D550D[m
	[31mmodified:   .Rproj.user/F2A0B8DA/console06/INDEX001[m
	[31mmodified:   .Rproj.user/F2A0B8DA/pcs/source-pane.pper[m
	[31mmodified:   .Rproj.user/F2A0B8DA/rmd-outputs[m

no changes added to commit (use "git add" and/or "git commit -a")
]0;~/Documents/columbia/S2019/Computing/project/BootstrappingChristians-MacBook-Pro-2:Bootstrapping christianpascual$ git pull
Enter passphrase for key '/Users/christianpascual/.ssh/id_rsa': 
Already up to date.
]0;~/Documents/columbia/S2019/Computing/project/Bootstrapping[?1034hChristians-MacBook-Pro-2:Bootstrapping chriistianpascual$ i[Kgit status
On branch master
Your branch is up to date with 'origin/master'.

Changes not staged for commit:
  (use "git add <file>..." to update what will be committed)
  (use "git checkout -- <file>..." to discard changes in working directory)

	[31mmodified:   .Rproj.user/F2A0B8DA/console06/111D550D[m
	[31mmodified:   .Rproj.user/F2A0B8DA/console06/111D550D.env[m
	[31mmodified:   .Rproj.user/F2A0B8DA/console06/INDEX001[m
	[31mmodified:   .Rproj.user/F2A0B8DA/pcs/source-pane.pper[m
	[31mmodified:   .Rproj.user/F2A0B8DA/rmd-outputs[m

no changes added to commit (use "git add" and/or "git commit -a")
]0;~/Documents/columbia/S2019/Computing/project/BootstrappingChristians-MacBook-Pro-2:Bootstrapping chriistianpascual$ git pull
Enter passphrase for key '/Users/christianpascual/.ssh/id_rsa': 
Already up to date.
]0;~/Documents/columbia/S2019/Computing/project/Bootstrapping[?1034hChristians-MacBook-Pro-2:Bootstrapping chriistianpascual$ gt[Kit status
On branch master
Your branch is up to date with 'origin/master'.

Changes not staged for commit:
  (use "git add <file>..." to update what will be committed)
  (use "git checkout -- <file>..." to discard changes in working directory)

	[31mmodified:   .Rproj.user/F2A0B8DA/console06/111D550D[m
	[31mmodified:   .Rproj.user/F2A0B8DA/console06/111D550D.env[m
	[31mmodified:   .Rproj.user/F2A0B8DA/console06/INDEX001[m
	[31mmodified:   .Rproj.user/F2A0B8DA/pcs/source-pane.pper[m
	[31mmodified:   .Rproj.user/F2A0B8DA/rmd-outputs[m

no changes added to commit (use "git add" and/or "git commit -a")
]0;~/Documents/columbia/S2019/Computing/project/BootstrappingChristians-MacBook-Pro-2:Bootstrapping chriistianpascual$ git  p[K[Kpull
Enter passphrase for key '/Users/christianpascual/.ssh/id_rsa': 
remote: Enumerating objects: 10, done.[K
remote: Counting objects:  11% (1/9)   [Kremote: Counting objects:  22% (2/9)   [Kremote: Counting objects:  33% (3/9)   [Kremote: Counting objects:  44% (4/9)   [Kremote: Counting objects:  55% (5/9)   [Kremote: Counting objects:  66% (6/9)   [Kremote: Counting objects:  77% (7/9)   [Kremote: Counting objects:  88% (8/9)   [Kremote: Counting objects: 100% (9/9)   [Kremote: Counting objects: 100% (9/9), done.[K
remote: Compressing objects:  33% (1/3)   [Kremote: Compressing objects:  66% (2/3)   [Kremote: Compressing objects: 100% (3/3)   [Kremote: Compressing objects: 100% (3/3), done.[K
Unpacking objects:  16% (1/6)   Unpacking objects:  33% (2/6)   Unpacking objects:  50% (3/6)   Unpacking objects:  66% (4/6)   remote: Total 6 (delta 3), reused 6 (delta 3), pack-reused 0[K
Unpacking objects:  83% (5/6)   Unpacking objects: 100% (6/6)   Unpacking objects: 100% (6/6), done.
From github.com:thecbp/P8160_bootstrapping_project
   352f015..ded003d  master     -> origin/master
Updating 352f015..ded003d
Fast-forward
 bootstrap_smooth.Rmd  |   91 [32m+[m[31m-[m
 bootstrap_smooth.html | 1267 [32m+++++++++++[m
 2 files changed, 1320 insertions(+), 38 deletions(-)
 create mode 100644 bootstrap_smooth.html
]0;~/Documents/columbia/S2019/Computing/project/BootstrappingChristians-MacBook-Pro-2:Bootstrapping chriistianpascual$ [K[AChristians-MacBook-Pro-2:Bootstrapping christianpascual$ [KChristians-MacBook-Pro-2:Bootstrapping christianpascual$ git status
On branch master
Your branch is up to date with 'origin/master'.

Changes not staged for commit:
  (use "git add <file>..." to update what will be committed)
  (use "git checkout -- <file>..." to discard changes in working directory)

	[31mmodified:   .Rproj.user/F2A0B8DA/console06/111D550D[m
	[31mmodified:   .Rproj.user/F2A0B8DA/console06/111D550D.env[m
	[31mmodified:   .Rproj.user/F2A0B8DA/console06/INDEX001[m
	[31mmodified:   .Rproj.user/F2A0B8DA/pcs/source-pane.pper[m
	[31mmodified:   .Rproj.user/F2A0B8DA/pcs/windowlayoutstate.pper[m
	[31mmodified:   .Rproj.user/F2A0B8DA/rmd-outputs[m
	[31mmodified:   LogLasso.R[m
	[31mmodified:   part-4.Rmd[m

Untracked files:
  (use "git add <file>..." to include in what will be committed)

	[31mappendix.Rmd[m

no changes added to commit (use "git add" and/or "git commit -a")
]0;~/Documents/columbia/S2019/Computing/project/BootstrappingChristians-MacBook-Pro-2:Bootstrapping christianpascual$ git add .
]0;~/Documents/columbia/S2019/Computing/project/BootstrappingChristians-MacBook-Pro-2:Bootstrapping christianpascual$ git pull
Enter passphrase for key '/Users/christianpascual/.ssh/id_rsa': 
Already up to date.
]0;~/Documents/columbia/S2019/Computing/project/BootstrappingChristians-MacBook-Pro-2:Bootstrapping christianpascual$ CBP[K[K[Kgit status
On branch master
Your branch is up to date with 'origin/master'.

Changes to be committed:
  (use "git reset HEAD <file>..." to unstage)

	[32mmodified:   .Rproj.user/F2A0B8DA/console06/111D550D[m
	[32mmodified:   .Rproj.user/F2A0B8DA/console06/111D550D.env[m
	[32mmodified:   .Rproj.user/F2A0B8DA/console06/INDEX001[m
	[32mmodified:   .Rproj.user/F2A0B8DA/pcs/source-pane.pper[m
	[32mmodified:   .Rproj.user/F2A0B8DA/pcs/windowlayoutstate.pper[m
	[32mmodified:   .Rproj.user/F2A0B8DA/rmd-outputs[m
	[32mmodified:   LogLasso.R[m
	[32mnew file:   appendix.Rmd[m
	[32mmodified:   part-4.Rmd[m

Changes not staged for commit:
  (use "git add <file>..." to update what will be committed)
  (use "git checkout -- <file>..." to discard changes in working directory)

	[31mmodified:   .Rproj.user/F2A0B8DA/console06/111D550D[m

]0;~/Documents/columbia/S2019/Computing/project/BootstrappingChristians-MacBook-Pro-2:Bootstrapping christianpascual$ git add .
]0;~/Documents/columbia/S2019/Computing/project/BootstrappingChristians-MacBook-Pro-2:Bootstrapping christianpascual$ i[Kgit commit -m "ff[K[KRevised algorithm and [K[K[K[K[K"
[master cf6c425] Revised algorithm
 9 files changed, 653 insertions(+), 172 deletions(-)
 rewrite .Rproj.user/F2A0B8DA/console06/INDEX001 (87%)
 create mode 100644 appendix.Rmd
]0;~/Documents/columbia/S2019/Computing/project/BootstrappingChristians-MacBook-Pro-2:Bootstrapping christianpascual$ git push
Enter passphrase for key '/Users/christianpascual/.ssh/id_rsa': 
Enumerating objects: 28, done.
Counting objects:   3% (1/28)   Counting objects:   7% (2/28)   Counting objects:  10% (3/28)   Counting objects:  14% (4/28)   Counting objects:  17% (5/28)   Counting objects:  21% (6/28)   Counting objects:  25% (7/28)   Counting objects:  28% (8/28)   Counting objects:  32% (9/28)   Counting objects:  35% (10/28)   Counting objects:  39% (11/28)   Counting objects:  42% (12/28)   Counting objects:  46% (13/28)   Counting objects:  50% (14/28)   Counting objects:  53% (15/28)   Counting objects:  57% (16/28)   Counting objects:  60% (17/28)   Counting objects:  64% (18/28)   Counting objects:  67% (19/28)   Counting objects:  71% (20/28)   Counting objects:  75% (21/28)   Counting objects:  78% (22/28)   Counting objects:  82% (23/28)   Counting objects:  85% (24/28)   Counting objects:  89% (25/28)   Counting objects:  92% (26/28)   Counting objects:  96% (27/28)   Counting objects: 100% (28/28)   Counting objects: 100% (28/28), done.
Delta compression using up to 8 threads
Compressing objects:   6% (1/15)   Compressing objects:  13% (2/15)   Compressing objects:  20% (3/15)   Compressing objects:  26% (4/15)   Compressing objects:  33% (5/15)   Compressing objects:  40% (6/15)   Compressing objects:  46% (7/15)   Compressing objects:  53% (8/15)   Compressing objects:  60% (9/15)   Compressing objects:  66% (10/15)   Compressing objects:  73% (11/15)   Compressing objects:  80% (12/15)   Compressing objects:  86% (13/15)   Compressing objects:  93% (14/15)   Compressing objects: 100% (15/15)   Compressing objects: 100% (15/15), done.
Writing objects:   6% (1/15)   Writing objects:  13% (2/15)   Writing objects:  20% (3/15)   Writing objects:  26% (4/15)   Writing objects:  33% (5/15)   Writing objects:  40% (6/15)   Writing objects:  46% (7/15)   Writing objects:  53% (8/15)   Writing objects:  60% (9/15)   Writing objects:  66% (10/15)   Writing objects:  73% (11/15)   Writing objects:  80% (12/15)   Writing objects:  86% (13/15)   Writing objects:  93% (14/15)   Writing objects: 100% (15/15)   Writing objects: 100% (15/15), 6.65 KiB | 226.00 KiB/s, done.
Total 15 (delta 9), reused 0 (delta 0)
remote: Resolving deltas:   0% (0/9)   [Kremote: Resolving deltas:  11% (1/9)   [Kremote: Resolving deltas:  22% (2/9)   [Kremote: Resolving deltas:  33% (3/9)   [Kremote: Resolving deltas:  44% (4/9)   [Kremote: Resolving deltas:  55% (5/9)   [Kremote: Resolving deltas:  66% (6/9)   [Kremote: Resolving deltas:  77% (7/9)   [Kremote: Resolving deltas:  88% (8/9)   [Kremote: Resolving deltas: 100% (9/9)   [Kremote: Resolving deltas: 100% (9/9), completed with 9 local objects.[K
To github.com:thecbp/P8160_bootstrapping_project.git
   ded003d..cf6c425  master -> master
]0;~/Documents/columbia/S2019/Computing/project/BootstrappingChristians-MacBook-Pro-2:Bootstrapping christianpascual$ summary
bash: summary: command not found
]0;~/Documents/columbia/S2019/Computing/project/BootstrappingChristians-MacBook-Pro-2:Bootstrapping christianpascual$ 9[K[KChristians-MacBook-Pro-2:Bootstrapping christianpascual$ git status
On branch master
Your branch is up to date with 'origin/master'.

Changes not staged for commit:
  (use "git add <file>..." to update what will be committed)
  (use "git checkout -- <file>..." to discard changes in working directory)

	[31mmodified:   .Rproj.user/F2A0B8DA/console06/111D550D[m
	[31mmodified:   .Rproj.user/F2A0B8DA/console06/INDEX001[m
	[31mmodified:   appendix.Rmd[m
	[31mmodified:   part-4.Rmd[m

Untracked files:
  (use "git add <file>..." to include in what will be committed)

	[31mefron-interval.png[m
	[31mefron.sd.csv[m
	[31mpercentile-interval.png[m
	[31mstandard-interval.png[m

no changes added to commit (use "git add" and/or "git commit -a")
]0;~/Documents/columbia/S2019/Computing/project/BootstrappingChristians-MacBook-Pro-2:Bootstrapping christianpascual$ git add.[K .